main.c:83:6:HAL_UART_RxCpltCallback	104	static
main.c:103:6:clearBuffer	16	static
main.c:111:6:command_parser_fsm	128	static
main.c:161:6:uart_communication_fsm	32	static
main.c:176:5:main	8	static
main.c:232:6:SystemClock_Config	88	static
main.c:275:13:MX_ADC1_Init	24	static
main.c:320:13:MX_TIM2_Init	32	static
main.c:365:13:MX_USART2_UART_Init	8	static
main.c:398:13:MX_GPIO_Init	32	static
main.c:418:6:HAL_TIM_PeriodElapsedCallback	16	static
main.c:427:6:Error_Handler	4	static,ignoring_inline_asm
